Category: 📺央视频道, Name: CCTV-1, Total: 25, Valid: 23, Valid Percent: 92.00%, Whitelist: 0, IPv4: 25, IPv6: 0, Min Delay: 821 ms, Max Speed: 1.83 M/s, Avg Speed: 0.37 M/s, Max Resolution: 1920x1080
Category: 📺央视频道, Name: CCTV-3, Total: 21, Valid: 20, Valid Percent: 95.24%, Whitelist: 0, IPv4: 21, IPv6: 0, Min Delay: 5209 ms, Max Speed: 0.49 M/s, Avg Speed: 0.16 M/s, Max Resolution: 1920x1080
Category: 📺央视频道, Name: CCTV-2, Total: 21, Valid: 20, Valid Percent: 95.24%, Whitelist: 0, IPv4: 21, IPv6: 0, Min Delay: 757 ms, Max Speed: 2.56 M/s, Avg Speed: 0.59 M/s, Max Resolution: 1920x1080
Category: 📺央视频道, Name: CCTV-5, Total: 27, Valid: 25, Valid Percent: 92.59%, Whitelist: 0, IPv4: 27, IPv6: 0, Min Delay: 724 ms, Max Speed: 3.79 M/s, Avg Speed: 0.34 M/s, Max Resolution: 1920x1080
Category: 📺央视频道, Name: CCTV-4, Total: 24, Valid: 20, Valid Percent: 83.33%, Whitelist: 0, IPv4: 24, IPv6: 0, Min Delay: 1699 ms, Max Speed: 1.97 M/s, Avg Speed: 0.52 M/s, Max Resolution: 1920x1080
Category: 📺央视频道, Name: CCTV-7, Total: 14, Valid: 13, Valid Percent: 92.86%, Whitelist: 0, IPv4: 14, IPv6: 0, Min Delay: 5182 ms, Max Speed: 0.53 M/s, Avg Speed: 0.17 M/s, Max Resolution: 1920x1080
Category: 📺央视频道, Name: CCTV-6, Total: 20, Valid: 19, Valid Percent: 95.00%, Whitelist: 0, IPv4: 20, IPv6: 0, Min Delay: 453 ms, Max Speed: 1.63 M/s, Avg Speed: 0.31 M/s, Max Resolution: 1920x1080
Category: 📺央视频道, Name: CCTV-8, Total: 21, Valid: 19, Valid Percent: 90.48%, Whitelist: 0, IPv4: 21, IPv6: 0, Min Delay: 541 ms, Max Speed: 1.82 M/s, Avg Speed: 0.24 M/s, Max Resolution: 1920x1080
Category: 📺央视频道, Name: CCTV-9, Total: 21, Valid: 19, Valid Percent: 90.48%, Whitelist: 0, IPv4: 21, IPv6: 0, Min Delay: 1076 ms, Max Speed: 0.60 M/s, Avg Speed: 0.16 M/s, Max Resolution: 1920x1080
Category: 📺央视频道, Name: CCTV-10, Total: 21, Valid: 20, Valid Percent: 95.24%, Whitelist: 0, IPv4: 21, IPv6: 0, Min Delay: 755 ms, Max Speed: 0.64 M/s, Avg Speed: 0.19 M/s, Max Resolution: 1920x1080
Category: 📺央视频道, Name: CCTV-11, Total: 14, Valid: 13, Valid Percent: 92.86%, Whitelist: 0, IPv4: 14, IPv6: 0, Min Delay: 5135 ms, Max Speed: 0.56 M/s, Avg Speed: 0.15 M/s, Max Resolution: 1920x1080
Category: 📺央视频道, Name: CCTV-12, Total: 17, Valid: 16, Valid Percent: 94.12%, Whitelist: 0, IPv4: 17, IPv6: 0, Min Delay: 5093 ms, Max Speed: 0.76 M/s, Avg Speed: 0.19 M/s, Max Resolution: 1920x1080
Category: 📺央视频道, Name: CCTV-13, Total: 21, Valid: 20, Valid Percent: 95.24%, Whitelist: 0, IPv4: 21, IPv6: 0, Min Delay: 1394 ms, Max Speed: 0.37 M/s, Avg Speed: 0.13 M/s, Max Resolution: 1920x1080
Category: 📺央视频道, Name: CETV2, Total: 1, Valid: 0, Valid Percent: 0.00%, Whitelist: 0, IPv4: 1, IPv6: 0, Min Delay: -1 ms, Max Speed: 0.00 M/s, Avg Speed: 0.00 M/s, Max Resolution: None
Category: 📺央视频道, Name: CETV4, Total: 2, Valid: 1, Valid Percent: 50.00%, Whitelist: 0, IPv4: 2, IPv6: 0, Min Delay: 741 ms, Max Speed: 7.07 M/s, Avg Speed: 7.07 M/s, Max Resolution: 1280x720
Category: 💰央视付费频道, Name: 央视台球, Total: 1, Valid: 1, Valid Percent: 100.00%, Whitelist: 0, IPv4: 1, IPv6: 0, Min Delay: 715 ms, Max Speed: 5.81 M/s, Avg Speed: 5.81 M/s, Max Resolution: 1280x720
Category: 💰央视付费频道, Name: 风云音乐, Total: 2, Valid: 2, Valid Percent: 100.00%, Whitelist: 0, IPv4: 2, IPv6: 0, Min Delay: 558 ms, Max Speed: 3.62 M/s, Avg Speed: 2.24 M/s, Max Resolution: 1920x1080
Category: 💰央视付费频道, Name: 怀旧剧场, Total: 1, Valid: 1, Valid Percent: 100.00%, Whitelist: 0, IPv4: 1, IPv6: 0, Min Delay: 494 ms, Max Speed: 0.99 M/s, Avg Speed: 0.99 M/s, Max Resolution: 1920x1080
Category: 📺央视频道, Name: CETV1, Total: 7, Valid: 6, Valid Percent: 85.71%, Whitelist: 0, IPv4: 7, IPv6: 0, Min Delay: 213 ms, Max Speed: 7.06 M/s, Avg Speed: 4.64 M/s, Max Resolution: 1920x1080
Category: 📺央视频道, Name: CCTV-15, Total: 17, Valid: 16, Valid Percent: 94.12%, Whitelist: 0, IPv4: 17, IPv6: 0, Min Delay: 589 ms, Max Speed: 3.06 M/s, Avg Speed: 0.32 M/s, Max Resolution: 1920x1080
Category: 📺央视频道, Name: CCTV-16, Total: 11, Valid: 11, Valid Percent: 100.00%, Whitelist: 0, IPv4: 11, IPv6: 0, Min Delay: 674 ms, Max Speed: 4.26 M/s, Avg Speed: 0.56 M/s, Max Resolution: 1920x1080
Category: 💰央视付费频道, Name: 高尔夫网球, Total: 1, Valid: 1, Valid Percent: 100.00%, Whitelist: 0, IPv4: 1, IPv6: 0, Min Delay: 5498 ms, Max Speed: 0.39 M/s, Avg Speed: 0.39 M/s, Max Resolution: 1280x720
Category: 📺央视频道, Name: CCTV-5+, Total: 4, Valid: 4, Valid Percent: 100.00%, Whitelist: 0, IPv4: 4, IPv6: 0, Min Delay: 5089 ms, Max Speed: 0.32 M/s, Avg Speed: 0.18 M/s, Max Resolution: 1920x1080
Category: 💰央视付费频道, Name: 第一剧场, Total: 3, Valid: 3, Valid Percent: 100.00%, Whitelist: 0, IPv4: 3, IPv6: 0, Min Delay: 482 ms, Max Speed: 4.26 M/s, Avg Speed: 1.82 M/s, Max Resolution: 1920x1080
Category: 💰央视付费频道, Name: 风云剧场, Total: 3, Valid: 3, Valid Percent: 100.00%, Whitelist: 0, IPv4: 3, IPv6: 0, Min Delay: 780 ms, Max Speed: 0.82 M/s, Avg Speed: 0.57 M/s, Max Resolution: 1920x1080
Category: 📺央视频道, Name: CCTV-17, Total: 8, Valid: 7, Valid Percent: 87.50%, Whitelist: 0, IPv4: 8, IPv6: 0, Min Delay: 5167 ms, Max Speed: 0.39 M/s, Avg Speed: 0.14 M/s, Max Resolution: 1920x1080
Category: 📺央视频道, Name: CCTV-14, Total: 27, Valid: 25, Valid Percent: 92.59%, Whitelist: 0, IPv4: 27, IPv6: 0, Min Delay: 677 ms, Max Speed: 2.10 M/s, Avg Speed: 0.28 M/s, Max Resolution: 1920x1080
Category: 📡卫视频道, Name: 广东卫视, Total: 15, Valid: 14, Valid Percent: 93.33%, Whitelist: 0, IPv4: 15, IPv6: 0, Min Delay: 5201 ms, Max Speed: 0.46 M/s, Avg Speed: 0.16 M/s, Max Resolution: 1920x1080
Category: 📡卫视频道, Name: 浙江卫视, Total: 17, Valid: 17, Valid Percent: 100.00%, Whitelist: 0, IPv4: 17, IPv6: 0, Min Delay: 5079 ms, Max Speed: 0.41 M/s, Avg Speed: 0.12 M/s, Max Resolution: 1920x1080
Category: 📡卫视频道, Name: 湖南卫视, Total: 22, Valid: 22, Valid Percent: 100.00%, Whitelist: 0, IPv4: 22, IPv6: 0, Min Delay: 1249 ms, Max Speed: 3.66 M/s, Avg Speed: 0.56 M/s, Max Resolution: 1920x1080
Category: 📡卫视频道, Name: 北京卫视, Total: 14, Valid: 13, Valid Percent: 92.86%, Whitelist: 0, IPv4: 14, IPv6: 0, Min Delay: 5033 ms, Max Speed: 0.44 M/s, Avg Speed: 0.12 M/s, Max Resolution: 1920x1080
Category: 📡卫视频道, Name: 湖北卫视, Total: 19, Valid: 18, Valid Percent: 94.74%, Whitelist: 0, IPv4: 19, IPv6: 0, Min Delay: 446 ms, Max Speed: 1.83 M/s, Avg Speed: 0.31 M/s, Max Resolution: 1920x1080
Category: 📡卫视频道, Name: 黑龙江卫视, Total: 13, Valid: 12, Valid Percent: 92.31%, Whitelist: 0, IPv4: 13, IPv6: 0, Min Delay: 5072 ms, Max Speed: 0.34 M/s, Avg Speed: 0.16 M/s, Max Resolution: 1920x1080
Category: 📡卫视频道, Name: 安徽卫视, Total: 16, Valid: 16, Valid Percent: 100.00%, Whitelist: 0, IPv4: 16, IPv6: 0, Min Delay: 1411 ms, Max Speed: 0.49 M/s, Avg Speed: 0.19 M/s, Max Resolution: 1920x1080
Category: 📡卫视频道, Name: 东方卫视, Total: 20, Valid: 19, Valid Percent: 95.00%, Whitelist: 0, IPv4: 20, IPv6: 0, Min Delay: 864 ms, Max Speed: 5.58 M/s, Avg Speed: 0.38 M/s, Max Resolution: 1920x1080
Category: 📡卫视频道, Name: 重庆卫视, Total: 12, Valid: 11, Valid Percent: 91.67%, Whitelist: 0, IPv4: 12, IPv6: 0, Min Delay: 5243 ms, Max Speed: 0.45 M/s, Avg Speed: 0.09 M/s, Max Resolution: 1920x1080
Category: 📡卫视频道, Name: 东南卫视, Total: 17, Valid: 16, Valid Percent: 94.12%, Whitelist: 0, IPv4: 17, IPv6: 0, Min Delay: 5065 ms, Max Speed: 0.46 M/s, Avg Speed: 0.18 M/s, Max Resolution: 1920x1080
Category: 📡卫视频道, Name: 甘肃卫视, Total: 2, Valid: 2, Valid Percent: 100.00%, Whitelist: 0, IPv4: 2, IPv6: 0, Min Delay: 5313 ms, Max Speed: 0.33 M/s, Avg Speed: 0.17 M/s, Max Resolution: 1920x1080
Category: 📡卫视频道, Name: 海南卫视, Total: 2, Valid: 1, Valid Percent: 50.00%, Whitelist: 0, IPv4: 2, IPv6: 0, Min Delay: 1593 ms, Max Speed: 0.09 M/s, Avg Speed: 0.09 M/s, Max Resolution: None
Category: 📡卫视频道, Name: 广西卫视, Total: 7, Valid: 7, Valid Percent: 100.00%, Whitelist: 0, IPv4: 7, IPv6: 0, Min Delay: 5253 ms, Max Speed: 0.45 M/s, Avg Speed: 0.11 M/s, Max Resolution: 1920x1080
Category: 📡卫视频道, Name: 河北卫视, Total: 15, Valid: 14, Valid Percent: 93.33%, Whitelist: 0, IPv4: 15, IPv6: 0, Min Delay: 5215 ms, Max Speed: 0.44 M/s, Avg Speed: 0.15 M/s, Max Resolution: 1920x1080
Category: 📡卫视频道, Name: 吉林卫视, Total: 9, Valid: 8, Valid Percent: 88.89%, Whitelist: 0, IPv4: 9, IPv6: 0, Min Delay: 5139 ms, Max Speed: 0.38 M/s, Avg Speed: 0.09 M/s, Max Resolution: 1920x1080
Category: 📡卫视频道, Name: 贵州卫视, Total: 16, Valid: 16, Valid Percent: 100.00%, Whitelist: 0, IPv4: 16, IPv6: 0, Min Delay: 702 ms, Max Speed: 5.29 M/s, Avg Speed: 0.44 M/s, Max Resolution: 1920x1080
Category: 📡卫视频道, Name: 河南卫视, Total: 10, Valid: 9, Valid Percent: 90.00%, Whitelist: 0, IPv4: 10, IPv6: 0, Min Delay: 491 ms, Max Speed: 1.55 M/s, Avg Speed: 0.26 M/s, Max Resolution: 1920x1080
Category: 📡卫视频道, Name: 陕西卫视, Total: 1, Valid: 0, Valid Percent: 0.00%, Whitelist: 0, IPv4: 1, IPv6: 0, Min Delay: -1 ms, Max Speed: 0.00 M/s, Avg Speed: 0.00 M/s, Max Resolution: None
Category: 📡卫视频道, Name: 江苏卫视, Total: 20, Valid: 19, Valid Percent: 95.00%, Whitelist: 0, IPv4: 20, IPv6: 0, Min Delay: 730 ms, Max Speed: 6.07 M/s, Avg Speed: 1.00 M/s, Max Resolution: 1920x1080
Category: 📡卫视频道, Name: 江西卫视, Total: 12, Valid: 11, Valid Percent: 91.67%, Whitelist: 0, IPv4: 12, IPv6: 0, Min Delay: 1292 ms, Max Speed: 4.13 M/s, Avg Speed: 0.46 M/s, Max Resolution: 1920x1080
Category: 📡卫视频道, Name: 三沙卫视, Total: 1, Valid: 0, Valid Percent: 0.00%, Whitelist: 0, IPv4: 1, IPv6: 0, Min Delay: -1 ms, Max Speed: 0.00 M/s, Avg Speed: 0.00 M/s, Max Resolution: None
Category: 📡卫视频道, Name: 青海卫视, Total: 3, Valid: 2, Valid Percent: 66.67%, Whitelist: 0, IPv4: 3, IPv6: 0, Min Delay: 5293 ms, Max Speed: 0.23 M/s, Avg Speed: 0.12 M/s, Max Resolution: 1920x1080
Category: 📡卫视频道, Name: 辽宁卫视, Total: 11, Valid: 10, Valid Percent: 90.91%, Whitelist: 0, IPv4: 11, IPv6: 0, Min Delay: 5086 ms, Max Speed: 0.44 M/s, Avg Speed: 0.11 M/s, Max Resolution: 1920x1080
Category: 📡卫视频道, Name: 宁夏卫视, Total: 5, Valid: 4, Valid Percent: 80.00%, Whitelist: 0, IPv4: 5, IPv6: 0, Min Delay: 5257 ms, Max Speed: 0.11 M/s, Avg Speed: 0.04 M/s, Max Resolution: 1920x1080
Category: 📡卫视频道, Name: 内蒙古卫视, Total: 2, Valid: 2, Valid Percent: 100.00%, Whitelist: 0, IPv4: 2, IPv6: 0, Min Delay: 2180 ms, Max Speed: 1.13 M/s, Avg Speed: 0.57 M/s, Max Resolution: 1920x1080
Category: 📡卫视频道, Name: 山东卫视, Total: 12, Valid: 12, Valid Percent: 100.00%, Whitelist: 0, IPv4: 12, IPv6: 0, Min Delay: 5095 ms, Max Speed: 0.35 M/s, Avg Speed: 0.11 M/s, Max Resolution: 1920x1080
Category: ☘️广东频道, Name: 广东新闻, Total: 3, Valid: 3, Valid Percent: 100.00%, Whitelist: 0, IPv4: 3, IPv6: 0, Min Delay: 811 ms, Max Speed: 3.66 M/s, Avg Speed: 3.62 M/s, Max Resolution: 1280x720
Category: 📡卫视频道, Name: 西藏卫视, Total: 2, Valid: 2, Valid Percent: 100.00%, Whitelist: 0, IPv4: 2, IPv6: 0, Min Delay: 1584 ms, Max Speed: 2.66 M/s, Avg Speed: 1.36 M/s, Max Resolution: 1920x1080
Category: 📡卫视频道, Name: 四川卫视, Total: 6, Valid: 6, Valid Percent: 100.00%, Whitelist: 0, IPv4: 6, IPv6: 0, Min Delay: 5280 ms, Max Speed: 0.24 M/s, Avg Speed: 0.07 M/s, Max Resolution: 1920x1080
Category: 📡卫视频道, Name: 深圳卫视, Total: 15, Valid: 15, Valid Percent: 100.00%, Whitelist: 0, IPv4: 15, IPv6: 0, Min Delay: 729 ms, Max Speed: 6.00 M/s, Avg Speed: 0.54 M/s, Max Resolution: 1920x1080
Category: ☘️浙江频道, Name: 浙江新闻, Total: 1, Valid: 1, Valid Percent: 100.00%, Whitelist: 0, IPv4: 1, IPv6: 0, Min Delay: 1446 ms, Max Speed: 0.43 M/s, Avg Speed: 0.43 M/s, Max Resolution: 1280x720
Category: ☘️浙江频道, Name: 浙江经济生活, Total: 1, Valid: 1, Valid Percent: 100.00%, Whitelist: 0, IPv4: 1, IPv6: 0, Min Delay: 1624 ms, Max Speed: 1.16 M/s, Avg Speed: 1.16 M/s, Max Resolution: 1920x1080
Category: ☘️浙江频道, Name: 象山综合, Total: 1, Valid: 1, Valid Percent: 100.00%, Whitelist: 0, IPv4: 1, IPv6: 0, Min Delay: 445 ms, Max Speed: 2.79 M/s, Avg Speed: 2.79 M/s, Max Resolution: 1920x1080
Category: ☘️上海频道, Name: 上海新闻综合, Total: 1, Valid: 0, Valid Percent: 0.00%, Whitelist: 0, IPv4: 1, IPv6: 0, Min Delay: -1 ms, Max Speed: 0.00 M/s, Avg Speed: 0.00 M/s, Max Resolution: None
Category: ☘️浙江频道, Name: 浙江钱江都市, Total: 1, Valid: 1, Valid Percent: 100.00%, Whitelist: 0, IPv4: 1, IPv6: 0, Min Delay: 1723 ms, Max Speed: 1.00 M/s, Avg Speed: 1.00 M/s, Max Resolution: 1920x1080
Category: ☘️上海频道, Name: 上海第一财经, Total: 1, Valid: 0, Valid Percent: 0.00%, Whitelist: 0, IPv4: 1, IPv6: 0, Min Delay: -1 ms, Max Speed: 0.00 M/s, Avg Speed: 0.00 M/s, Max Resolution: None
Category: ☘️浙江频道, Name: 浙江国际, Total: 2, Valid: 2, Valid Percent: 100.00%, Whitelist: 0, IPv4: 2, IPv6: 0, Min Delay: 1538 ms, Max Speed: 0.99 M/s, Avg Speed: 0.87 M/s, Max Resolution: 1920x1080
Category: ☘️广东频道, Name: 广州综合, Total: 3, Valid: 3, Valid Percent: 100.00%, Whitelist: 0, IPv4: 3, IPv6: 0, Min Delay: 1584 ms, Max Speed: 0.53 M/s, Avg Speed: 0.49 M/s, Max Resolution: 1280x720
Category: ☘️浙江频道, Name: 浙江教科影视, Total: 1, Valid: 1, Valid Percent: 100.00%, Whitelist: 0, IPv4: 1, IPv6: 0, Min Delay: 1515 ms, Max Speed: 1.02 M/s, Avg Speed: 1.02 M/s, Max Resolution: 1280x720
Category: ☘️浙江频道, Name: 浙江民生休闲, Total: 1, Valid: 1, Valid Percent: 100.00%, Whitelist: 0, IPv4: 1, IPv6: 0, Min Delay: 1560 ms, Max Speed: 1.11 M/s, Avg Speed: 1.11 M/s, Max Resolution: 1920x1080
Category: ☘️北京频道, Name: 北京文艺, Total: 1, Valid: 1, Valid Percent: 100.00%, Whitelist: 0, IPv4: 1, IPv6: 0, Min Delay: 700 ms, Max Speed: 3.79 M/s, Avg Speed: 3.79 M/s, Max Resolution: 1920x1080
Category: ☘️北京频道, Name: 北京影视, Total: 1, Valid: 1, Valid Percent: 100.00%, Whitelist: 0, IPv4: 1, IPv6: 0, Min Delay: 729 ms, Max Speed: 3.81 M/s, Avg Speed: 3.81 M/s, Max Resolution: 1920x1080
Category: ☘️上海频道, Name: 东方影视, Total: 1, Valid: 1, Valid Percent: 100.00%, Whitelist: 0, IPv4: 1, IPv6: 0, Min Delay: 761 ms, Max Speed: 6.83 M/s, Avg Speed: 6.83 M/s, Max Resolution: 1920x1080
Category: ☘️广东频道, Name: 广东体育, Total: 4, Valid: 4, Valid Percent: 100.00%, Whitelist: 0, IPv4: 4, IPv6: 0, Min Delay: 5174 ms, Max Speed: 0.57 M/s, Avg Speed: 0.24 M/s, Max Resolution: 1920x1080
Category: ☘️江苏频道, Name: 江苏教育, Total: 1, Valid: 0, Valid Percent: 0.00%, Whitelist: 0, IPv4: 1, IPv6: 0, Min Delay: -1 ms, Max Speed: 0.00 M/s, Avg Speed: 0.00 M/s, Max Resolution: None
Category: ☘️江苏频道, Name: 优漫卡通, Total: 1, Valid: 0, Valid Percent: 0.00%, Whitelist: 0, IPv4: 1, IPv6: 0, Min Delay: -1 ms, Max Speed: 0.00 M/s, Avg Speed: 0.00 M/s, Max Resolution: None
Category: ☘️江苏频道, Name: 南通新闻综合, Total: 1, Valid: 0, Valid Percent: 0.00%, Whitelist: 0, IPv4: 1, IPv6: 0, Min Delay: -1 ms, Max Speed: 0.00 M/s, Avg Speed: 0.00 M/s, Max Resolution: None
Category: ☘️江苏频道, Name: 连云港新闻综合, Total: 1, Valid: 0, Valid Percent: 0.00%, Whitelist: 0, IPv4: 1, IPv6: 0, Min Delay: -1 ms, Max Speed: 0.00 M/s, Avg Speed: 0.00 M/s, Max Resolution: None
Category: ☘️江苏频道, Name: 溧水新闻综合, Total: 1, Valid: 0, Valid Percent: 0.00%, Whitelist: 0, IPv4: 1, IPv6: 0, Min Delay: -1 ms, Max Speed: 0.00 M/s, Avg Speed: 0.00 M/s, Max Resolution: None
Category: ☘️江苏频道, Name: 淮安新闻综合, Total: 1, Valid: 0, Valid Percent: 0.00%, Whitelist: 0, IPv4: 1, IPv6: 0, Min Delay: -1 ms, Max Speed: 0.00 M/s, Avg Speed: 0.00 M/s, Max Resolution: None
Category: ☘️广西频道, Name: 南宁新闻综合, Total: 1, Valid: 0, Valid Percent: 0.00%, Whitelist: 0, IPv4: 1, IPv6: 0, Min Delay: -1 ms, Max Speed: 0.00 M/s, Avg Speed: 0.00 M/s, Max Resolution: 1920x1080
Category: ☘️江苏频道, Name: 镇江新闻综合, Total: 1, Valid: 0, Valid Percent: 0.00%, Whitelist: 0, IPv4: 1, IPv6: 0, Min Delay: -1 ms, Max Speed: 0.00 M/s, Avg Speed: 0.00 M/s, Max Resolution: None
Category: ☘️上海频道, Name: 欢笑剧场, Total: 2, Valid: 2, Valid Percent: 100.00%, Whitelist: 0, IPv4: 2, IPv6: 0, Min Delay: 985 ms, Max Speed: 4.45 M/s, Avg Speed: 4.43 M/s, Max Resolution: 1920x1080
Category: ☘️上海频道, Name: 哈哈炫动, Total: 1, Valid: 1, Valid Percent: 100.00%, Whitelist: 0, IPv4: 1, IPv6: 0, Min Delay: 477 ms, Max Speed: 1.38 M/s, Avg Speed: 1.38 M/s, Max Resolution: 1920x1080
Category: ☘️上海频道, Name: 法治天地, Total: 1, Valid: 1, Valid Percent: 100.00%, Whitelist: 0, IPv4: 1, IPv6: 0, Min Delay: 723 ms, Max Speed: 5.41 M/s, Avg Speed: 5.41 M/s, Max Resolution: 1920x1080
Category: ☘️广东频道, Name: 大湾区卫视, Total: 4, Valid: 3, Valid Percent: 75.00%, Whitelist: 0, IPv4: 4, IPv6: 0, Min Delay: 824 ms, Max Speed: 5.83 M/s, Avg Speed: 3.66 M/s, Max Resolution: 1920x1080
Category: 📡卫视频道, Name: 天津卫视, Total: 10, Valid: 10, Valid Percent: 100.00%, Whitelist: 0, IPv4: 10, IPv6: 0, Min Delay: 5201 ms, Max Speed: 0.28 M/s, Avg Speed: 0.08 M/s, Max Resolution: 1920x1080
Category: ☘️重庆频道, Name: 重庆新闻, Total: 1, Valid: 1, Valid Percent: 100.00%, Whitelist: 0, IPv4: 1, IPv6: 0, Min Delay: 651 ms, Max Speed: 4.27 M/s, Avg Speed: 4.27 M/s, Max Resolution: 1920x1080
Category: ☘️上海频道, Name: 都市剧场, Total: 3, Valid: 3, Valid Percent: 100.00%, Whitelist: 0, IPv4: 3, IPv6: 0, Min Delay: 1097 ms, Max Speed: 4.80 M/s, Avg Speed: 4.67 M/s, Max Resolution: 1920x1080
Category: ☘️广西频道, Name: 广西新闻, Total: 1, Valid: 1, Valid Percent: 100.00%, Whitelist: 0, IPv4: 1, IPv6: 0, Min Delay: 751 ms, Max Speed: 2.75 M/s, Avg Speed: 2.75 M/s, Max Resolution: 1920x1080
Category: ☘️广西频道, Name: 广西国际, Total: 1, Valid: 1, Valid Percent: 100.00%, Whitelist: 0, IPv4: 1, IPv6: 0, Min Delay: 733 ms, Max Speed: 5.98 M/s, Avg Speed: 5.98 M/s, Max Resolution: 1920x1080
Category: ☘️天津频道, Name: 天津都市, Total: 1, Valid: 1, Valid Percent: 100.00%, Whitelist: 0, IPv4: 1, IPv6: 0, Min Delay: 730 ms, Max Speed: 1.95 M/s, Avg Speed: 1.95 M/s, Max Resolution: 1280x720
Category: 📡卫视频道, Name: 新疆卫视, Total: 2, Valid: 2, Valid Percent: 100.00%, Whitelist: 0, IPv4: 2, IPv6: 0, Min Delay: 5313 ms, Max Speed: 0.08 M/s, Avg Speed: 0.05 M/s, Max Resolution: 1920x1080
Category: ☘️广东频道, Name: 广东珠江, Total: 10, Valid: 9, Valid Percent: 90.00%, Whitelist: 0, IPv4: 10, IPv6: 0, Min Delay: 800 ms, Max Speed: 4.20 M/s, Avg Speed: 2.18 M/s, Max Resolution: 1920x1080
Category: 📡卫视频道, Name: 云南卫视, Total: 4, Valid: 4, Valid Percent: 100.00%, Whitelist: 0, IPv4: 4, IPv6: 0, Min Delay: 5345 ms, Max Speed: 0.09 M/s, Avg Speed: 0.05 M/s, Max Resolution: 1920x1080
Category: ☘️天津频道, Name: 天津新闻, Total: 1, Valid: 1, Valid Percent: 100.00%, Whitelist: 0, IPv4: 1, IPv6: 0, Min Delay: 926 ms, Max Speed: 2.06 M/s, Avg Speed: 2.06 M/s, Max Resolution: 1280x720
Category: ☘️天津频道, Name: 天津文艺, Total: 1, Valid: 1, Valid Percent: 100.00%, Whitelist: 0, IPv4: 1, IPv6: 0, Min Delay: 881 ms, Max Speed: 2.18 M/s, Avg Speed: 2.18 M/s, Max Resolution: 1280x720
Category: ☘️上海频道, Name: 新闻综合, Total: 1, Valid: 1, Valid Percent: 100.00%, Whitelist: 0, IPv4: 1, IPv6: 0, Min Delay: 2110 ms, Max Speed: 0.70 M/s, Avg Speed: 0.70 M/s, Max Resolution: 1920x1080
Category: ☘️广东频道, Name: 深圳电视剧, Total: 1, Valid: 1, Valid Percent: 100.00%, Whitelist: 0, IPv4: 1, IPv6: 0, Min Delay: 5493 ms, Max Speed: 0.08 M/s, Avg Speed: 0.08 M/s, Max Resolution: 1920x1080
Category: ☘️浙江频道, Name: 绍兴电视台公共, Total: 2, Valid: 2, Valid Percent: 100.00%, Whitelist: 0, IPv4: 2, IPv6: 0, Min Delay: 5121 ms, Max Speed: 0.17 M/s, Avg Speed: 0.15 M/s, Max Resolution: 1280x720
Category: ☘️四川频道, Name: 青川综合, Total: 1, Valid: 1, Valid Percent: 100.00%, Whitelist: 0, IPv4: 1, IPv6: 0, Min Delay: 2027 ms, Max Speed: 0.66 M/s, Avg Speed: 0.66 M/s, Max Resolution: 1920x1080
Category: ☘️浙江频道, Name: 绍兴文化影院, Total: 1, Valid: 1, Valid Percent: 100.00%, Whitelist: 0, IPv4: 1, IPv6: 0, Min Delay: 5127 ms, Max Speed: 0.17 M/s, Avg Speed: 0.17 M/s, Max Resolution: 1280x720
Category: ☘️浙江频道, Name: 绍兴文化影视, Total: 1, Valid: 1, Valid Percent: 100.00%, Whitelist: 0, IPv4: 1, IPv6: 0, Min Delay: 5079 ms, Max Speed: 0.12 M/s, Avg Speed: 0.12 M/s, Max Resolution: 1280x720
Category: ☘️浙江频道, Name: 绍兴公共, Total: 2, Valid: 2, Valid Percent: 100.00%, Whitelist: 0, IPv4: 2, IPv6: 0, Min Delay: 5086 ms, Max Speed: 0.17 M/s, Avg Speed: 0.16 M/s, Max Resolution: 1280x720
Category: ☘️浙江频道, Name: 绍兴新闻综合, Total: 2, Valid: 2, Valid Percent: 100.00%, Whitelist: 0, IPv4: 2, IPv6: 0, Min Delay: 5073 ms, Max Speed: 0.18 M/s, Avg Speed: 0.14 M/s, Max Resolution: 1280x720
Category: ☘️福建频道, Name: 福建海峡卫视, Total: 3, Valid: 3, Valid Percent: 100.00%, Whitelist: 0, IPv4: 3, IPv6: 0, Min Delay: 1857 ms, Max Speed: 1.44 M/s, Avg Speed: 1.19 M/s, Max Resolution: 1920x1080
Category: ☘️四川频道, Name: 荥经综合, Total: 1, Valid: 1, Valid Percent: 100.00%, Whitelist: 0, IPv4: 1, IPv6: 0, Min Delay: 2161 ms, Max Speed: 0.83 M/s, Avg Speed: 0.83 M/s, Max Resolution: 1920x1080
Category: 🏀体育频道, Name: 快乐垂钓, Total: 1, Valid: 0, Valid Percent: 0.00%, Whitelist: 0, IPv4: 1, IPv6: 0, Min Delay: -1 ms, Max Speed: 0.00 M/s, Avg Speed: 0.00 M/s, Max Resolution: None
Category: ☘️北京频道, Name: 北京卡酷少儿, Total: 2, Valid: 2, Valid Percent: 100.00%, Whitelist: 0, IPv4: 2, IPv6: 0, Min Delay: 769 ms, Max Speed: 3.62 M/s, Avg Speed: 1.89 M/s, Max Resolution: 1920x1080
Category: ☘️上海频道, Name: 五星体育, Total: 1, Valid: 1, Valid Percent: 100.00%, Whitelist: 0, IPv4: 1, IPv6: 0, Min Delay: 5739 ms, Max Speed: 0.34 M/s, Avg Speed: 0.34 M/s, Max Resolution: 1920x1080
Category: ☘️四川频道, Name: 雅安新闻综合, Total: 1, Valid: 1, Valid Percent: 100.00%, Whitelist: 0, IPv4: 1, IPv6: 0, Min Delay: 2189 ms, Max Speed: 0.82 M/s, Avg Speed: 0.82 M/s, Max Resolution: 1920x1080
Category: 🎬电影频道, Name: CHC家庭影院, Total: 1, Valid: 1, Valid Percent: 100.00%, Whitelist: 0, IPv4: 1, IPv6: 0, Min Delay: 1242 ms, Max Speed: 1.92 M/s, Avg Speed: 1.92 M/s, Max Resolution: 1280x720
Category: 🏀体育频道, Name: 天津体育, Total: 2, Valid: 2, Valid Percent: 100.00%, Whitelist: 0, IPv4: 2, IPv6: 0, Min Delay: 865 ms, Max Speed: 1.40 M/s, Avg Speed: 1.32 M/s, Max Resolution: 1280x720
Category: ☘️广西频道, Name: 南宁都市生活, Total: 1, Valid: 1, Valid Percent: 100.00%, Whitelist: 0, IPv4: 1, IPv6: 0, Min Delay: 1388 ms, Max Speed: 0.36 M/s, Avg Speed: 0.36 M/s, Max Resolution: 1280x720
Category: 🏀体育频道, Name: 天元围棋, Total: 2, Valid: 2, Valid Percent: 100.00%, Whitelist: 0, IPv4: 2, IPv6: 0, Min Delay: 778 ms, Max Speed: 5.05 M/s, Avg Speed: 5.05 M/s, Max Resolution: 1920x1080
Category: ☘️安徽频道, Name: 固镇新闻, Total: 2, Valid: 2, Valid Percent: 100.00%, Whitelist: 0, IPv4: 2, IPv6: 0, Min Delay: 2022 ms, Max Speed: 0.54 M/s, Avg Speed: 0.51 M/s, Max Resolution: 1920x1080
Category: ☘️吉林频道, Name: 延边卫视, Total: 1, Valid: 1, Valid Percent: 100.00%, Whitelist: 0, IPv4: 1, IPv6: 0, Min Delay: 757 ms, Max Speed: 3.16 M/s, Avg Speed: 3.16 M/s, Max Resolution: 1280x720
Category: 🏛经典剧场, Name: 西游记, Total: 1, Valid: 1, Valid Percent: 100.00%, Whitelist: 0, IPv4: 1, IPv6: 0, Min Delay: 960 ms, Max Speed: 2.34 M/s, Avg Speed: 2.34 M/s, Max Resolution: 1920x1080
Category: ☘️福建频道, Name: 晋江电视台, Total: 1, Valid: 1, Valid Percent: 100.00%, Whitelist: 0, IPv4: 1, IPv6: 0, Min Delay: 3995 ms, Max Speed: 0.38 M/s, Avg Speed: 0.38 M/s, Max Resolution: 1280x720
Category: 🏛经典剧场, Name: 水浒传, Total: 1, Valid: 1, Valid Percent: 100.00%, Whitelist: 0, IPv4: 1, IPv6: 0, Min Delay: 1149 ms, Max Speed: 2.47 M/s, Avg Speed: 2.47 M/s, Max Resolution: 1440x1080
Category: ☘️山东频道, Name: 山东教育, Total: 2, Valid: 1, Valid Percent: 50.00%, Whitelist: 0, IPv4: 2, IPv6: 0, Min Delay: 1536 ms, Max Speed: 0.25 M/s, Avg Speed: 0.25 M/s, Max Resolution: 1280x720
Category: 🏛经典剧场, Name: 闯关东, Total: 1, Valid: 1, Valid Percent: 100.00%, Whitelist: 0, IPv4: 1, IPv6: 0, Min Delay: 1721 ms, Max Speed: 3.84 M/s, Avg Speed: 3.84 M/s, Max Resolution: 1920x1080
Category: ☘️河北频道, Name: 河北都市, Total: 1, Valid: 1, Valid Percent: 100.00%, Whitelist: 0, IPv4: 1, IPv6: 0, Min Delay: 868 ms, Max Speed: 0.11 M/s, Avg Speed: 0.11 M/s, Max Resolution: None
Category: ☘️新疆频道, Name: 伊犁哈萨克, Total: 1, Valid: 1, Valid Percent: 100.00%, Whitelist: 0, IPv4: 1, IPv6: 0, Min Delay: 5638 ms, Max Speed: 0.53 M/s, Avg Speed: 0.53 M/s, Max Resolution: 1920x1080
Category: ☘️新疆频道, Name: 伊犁维吾尔, Total: 2, Valid: 2, Valid Percent: 100.00%, Whitelist: 0, IPv4: 2, IPv6: 0, Min Delay: 5729 ms, Max Speed: 0.55 M/s, Avg Speed: 0.48 M/s, Max Resolution: 1920x1080
Category: ☘️新疆频道, Name: 伊犁经济法制, Total: 1, Valid: 1, Valid Percent: 100.00%, Whitelist: 0, IPv4: 1, IPv6: 0, Min Delay: 5923 ms, Max Speed: 0.48 M/s, Avg Speed: 0.48 M/s, Max Resolution: 1920x1080
Category: 🎬电影频道, Name: CHC动作电影, Total: 3, Valid: 3, Valid Percent: 100.00%, Whitelist: 0, IPv4: 3, IPv6: 0, Min Delay: 2698 ms, Max Speed: 1.96 M/s, Avg Speed: 0.83 M/s, Max Resolution: 1920x1080
Category: ☘️山西频道, Name: 大宁综合, Total: 1, Valid: 1, Valid Percent: 100.00%, Whitelist: 0, IPv4: 1, IPv6: 0, Min Delay: 1062 ms, Max Speed: 0.07 M/s, Avg Speed: 0.07 M/s, Max Resolution: None
Category: ☘️湖南频道, Name: 衡阳新闻综合, Total: 1, Valid: 1, Valid Percent: 100.00%, Whitelist: 0, IPv4: 1, IPv6: 0, Min Delay: 5407 ms, Max Speed: 0.01 M/s, Avg Speed: 0.01 M/s, Max Resolution: None
Category: 🪁动画频道, Name: 金鹰卡通, Total: 3, Valid: 3, Valid Percent: 100.00%, Whitelist: 0, IPv4: 3, IPv6: 0, Min Delay: 5264 ms, Max Speed: 0.09 M/s, Avg Speed: 0.04 M/s, Max Resolution: 1920x1080
Category: ☘️福建频道, Name: 厦门卫视, Total: 4, Valid: 3, Valid Percent: 75.00%, Whitelist: 0, IPv4: 4, IPv6: 0, Min Delay: 5113 ms, Max Speed: 0.29 M/s, Avg Speed: 0.17 M/s, Max Resolution: 1920x1080
Category: ☘️上海频道, Name: 动漫秀场, Total: 1, Valid: 1, Valid Percent: 100.00%, Whitelist: 0, IPv4: 1, IPv6: 0, Min Delay: 5092 ms, Max Speed: 0.00 M/s, Avg Speed: 0.00 M/s, Max Resolution: None
